{"event_time": "2026-03-12T12:51:49.092271", "level": "INFO", "logger": "__main__", "message": "2407.pl fitment crawler starting (Dolphin Anty mode)"}
{"event_time": "2026-03-12T12:51:49.223835", "level": "INFO", "logger": "__main__", "message": "Setting up Poland/PLN context..."}
{"event_time": "2026-03-12T12:51:49.309548", "level": "INFO", "logger": "src.renderer", "message": "Starting Dolphin profile 759890630..."}
{"event_time": "2026-03-12T12:51:51.278505", "level": "INFO", "logger": "src.renderer", "message": "Dolphin started: ws://localhost:64718/devtools/browser/0699548f-9785-4c57-8b70-93fcb3c764b9"}
{"event_time": "2026-03-12T12:51:55.565170", "level": "INFO", "logger": "src.renderer", "message": "Connected to Dolphin browser"}
{"event_time": "2026-03-12T12:51:59.056494", "level": "INFO", "logger": "src.renderer", "message": "Poland context ready"}
{"event_time": "2026-03-12T12:51:59.890174", "level": "INFO", "logger": "src.exporter", "message": "Opened new output file: ./output\\2407_fitment_PLN_0001.xlsx"}
{"event_time": "2026-03-12T12:51:59.890174", "level": "INFO", "logger": "__main__", "message": "Processing: Автозапчасти — https://2407.pl/ru/avtozapchasti/"}
{"event_time": "2026-03-12T12:51:59.891170", "level": "INFO", "logger": "src.crawler", "message": "Seed: Автозапчасти — https://2407.pl/ru/avtozapchasti/ (scope: /ru/avtozapchasti/)"}
{"event_time": "2026-03-12T12:51:59.891170", "level": "INFO", "logger": "src.crawler", "message": "Crawling (depth=0): https://2407.pl/ru/avtozapchasti/"}
{"event_time": "2026-03-12T12:52:02.429681", "level": "WARNING", "logger": "src.renderer", "message": "Dolphin fetch error (1): Page.goto: Target page, context or browser has been closed\nCall log:\n  - navigating to \"https://2407.pl/ru/avtozapchasti/\", waiting until \"domcontentloaded\"\n for https://2407.pl/ru/avtozapchasti/"}
{"event_time": "2026-03-12T12:52:06.557215", "level": "WARNING", "logger": "src.renderer", "message": "Dolphin fetch error (2): Page.goto: Target page, context or browser has been closed for https://2407.pl/ru/avtozapchasti/"}
{"event_time": "2026-03-12T12:52:12.558049", "level": "INFO", "logger": "src.renderer", "message": "Starting Dolphin profile 759890630..."}
{"event_time": "2026-03-12T12:52:12.603895", "level": "ERROR", "logger": "src.renderer", "message": "Reconnect failed: Dolphin start failed: {'error': 'Profile ID 759890630 already running', 'errorObject': {'text': 'Profile ID 759890630 already running', 'name': 'YBe', 'code': 'E_BROWSER_RUN_DUPLICATE'}}"}
{"event_time": "2026-03-12T12:52:15.138190", "level": "WARNING", "logger": "src.renderer", "message": "Dolphin fetch error (3): 'NoneType' object has no attribute 'goto' for https://2407.pl/ru/avtozapchasti/"}
{"event_time": "2026-03-12T12:52:24.138949", "level": "INFO", "logger": "src.renderer", "message": "Starting Dolphin profile 759890630..."}
{"event_time": "2026-03-12T12:52:24.142936", "level": "ERROR", "logger": "src.renderer", "message": "Reconnect failed: Dolphin start failed: {'error': 'Profile ID 759890630 already running', 'errorObject': {'text': 'Profile ID 759890630 already running', 'name': 'YBe', 'code': 'E_BROWSER_RUN_DUPLICATE'}}"}
{"event_time": "2026-03-12T12:52:24.168849", "level": "ERROR", "logger": "src.renderer", "message": "All retries failed for https://2407.pl/ru/avtozapchasti/"}
{"event_time": "2026-03-12T12:52:24.168849", "level": "WARNING", "logger": "src.crawler", "message": "Empty response: https://2407.pl/ru/avtozapchasti/"}
{"event_time": "2026-03-12T12:52:24.168849", "level": "INFO", "logger": "__main__", "message": "Processing: Автозапчасти — https://2407.pl/ru/uzly-detali-dvigatelja/"}
{"event_time": "2026-03-12T12:52:24.169845", "level": "INFO", "logger": "src.crawler", "message": "Seed: Автозапчасти — https://2407.pl/ru/uzly-detali-dvigatelja/ (scope: /ru/uzly-detali-dvigatelja/)"}
{"event_time": "2026-03-12T12:52:24.169845", "level": "INFO", "logger": "src.crawler", "message": "Crawling (depth=0): https://2407.pl/ru/uzly-detali-dvigatelja/"}
{"event_time": "2026-03-12T12:52:24.170842", "level": "INFO", "logger": "src.renderer", "message": "Starting Dolphin profile 759890630..."}
{"event_time": "2026-03-12T12:52:24.173832", "level": "ERROR", "logger": "__main__", "message": "Fatal: Dolphin start failed: {'error': 'Profile ID 759890630 already running', 'errorObject': {'text': 'Profile ID 759890630 already running', 'name': 'YBe', 'code': 'E_BROWSER_RUN_DUPLICATE'}}", "exception": "Traceback (most recent call last):\n  File \"C:\\Users\\Admin\\Documents\\2407_crawler\\main.py\", line 158, in main\n    for product_info in crawler.crawl_seed(seed):\n  File \"C:\\Users\\Admin\\Documents\\2407_crawler\\src\\crawler.py\", line 243, in crawl_seed\n    yield from self._crawl_url(url, section, subsection,\n  File \"C:\\Users\\Admin\\Documents\\2407_crawler\\src\\crawler.py\", line 261, in _crawl_url\n    html = self.renderer.fetch_html(url)\n           ^^^^^^^^^^^^^^^^^^^^^^^^^^^^^\n  File \"C:\\Users\\Admin\\Documents\\2407_crawler\\src\\renderer.py\", line 157, in fetch_html\n    return self.dolphin.fetch_html(url)\n           ^^^^^^^^^^^^^^^^^^^^^^^^^^^^\n  File \"C:\\Users\\Admin\\Documents\\2407_crawler\\src\\renderer.py\", line 86, in fetch_html\n    self._connect()\n  File \"C:\\Users\\Admin\\Documents\\2407_crawler\\src\\renderer.py\", line 59, in _connect\n    self._ws_endpoint = self._start_profile()\n                        ^^^^^^^^^^^^^^^^^^^^^\n  File \"C:\\Users\\Admin\\Documents\\2407_crawler\\src\\renderer.py\", line 42, in _start_profile\n    raise Exception(f\"Dolphin start failed: {data}\")\nException: Dolphin start failed: {'error': 'Profile ID 759890630 already running', 'errorObject': {'text': 'Profile ID 759890630 already running', 'name': 'YBe', 'code': 'E_BROWSER_RUN_DUPLICATE'}}"}
{"event_time": "2026-03-12T12:52:24.195050", "level": "INFO", "logger": "src.exporter", "message": "Saved ./output\\2407_fitment_PLN_0001.xlsx (0 data rows)"}
{"event_time": "2026-03-12T12:52:24.196045", "level": "INFO", "logger": "src.exporter", "message": "Export complete. Total rows: 0, files: 1"}
{"event_time": "2026-03-12T12:52:34.274549", "level": "INFO", "logger": "__main__", "message": "Done. Output: ./output"}
